
 RUN  v1.6.1 D:/aiphxt-app/frontend

 鉁?tests/unit/components/SchoolDetail.spec.ts > SchoolDetail.vue > should render the component
 鉁?tests/unit/components/SchoolDetail.spec.ts > SchoolDetail.vue > should display school name when loaded
vitest.cmd : stderr | tests/unit/components/SchoolDetail.spec.ts > SchoolDetail.vue > should render the component
所在位置 行:1 字符: 81
+ ...  $env:PATH; & "d:\aiphxt-app\frontend\node_modules\.bin\vitest.cmd" r ...
+                 ~~~~~~~~~~~~~~~~~~~~~~~~~~~~~~~~~~~~~~~~~~~~~~~~~~~~~~~~~
    + CategoryInfo          : NotSpecified: (stderr | tests/...r the component:String) [], RemoteException
    + FullyQualifiedErrorId : NativeCommandError
 
[Vue warn]: Failed to resolve component: el-skeleton
If this is a native custom element, make sure to exclude it from component resolution via compilerOptions.isCustomElement. 
  at <SchoolDetail ref="VTU_COMPONENT" > 
  at <VTUROOT>
[Vue warn]: Failed to resolve component: el-tag
If this is a native custom element, make sure to exclude it from component resolution via compilerOptions.isCustomElement. 
  at <SchoolDetail ref="VTU_COMPONENT" > 
  at <VTUROOT>
[Vue warn]: Failed to resolve component: el-icon
If this is a native custom element, make sure to exclude it from component resolution via compilerOptions.isCustomElement. 
  at <SchoolDetail ref="VTU_COMPONENT" > 
  at <VTUROOT>
[Vue warn]: Failed to resolve component: el-button
If this is a native custom element, make sure to exclude it from component resolution via compilerOptions.isCustomElement. 
  at <SchoolDetail ref="VTU_COMPONENT" > 
  at <VTUROOT>
[Vue warn]: Failed to resolve component: el-empty
If this is a native custom element, make sure to exclude it from component resolution via compilerOptions.isCustomElement. 
  at <SchoolDetail ref="VTU_COMPONENT" > 
  at <VTUROOT>
[Vue warn]: Failed to resolve component: el-table-column
If this is a native custom element, make sure to exclude it from component resolution via compilerOptions.isCustomElement. 
  at <SchoolDetail ref="VTU_COMPONENT" > 
  at <VTUROOT>
[Vue warn]: Failed to resolve component: el-table
If this is a native custom element, make sure to exclude it from component resolution via compilerOptions.isCustomElement. 
  at <SchoolDetail ref="VTU_COMPONENT" > 
  at <VTUROOT>
[Vue warn]: Failed to resolve component: el-col
If this is a native custom element, make sure to exclude it from component resolution via compilerOptions.isCustomElement. 
  at <SchoolDetail ref="VTU_COMPONENT" > 
  at <VTUROOT>
[Vue warn]: Failed to resolve component: el-input-number
If this is a native custom element, make sure to exclude it from component resolution via compilerOptions.isCustomElement. 
  at <SchoolDetail ref="VTU_COMPONENT" > 
  at <VTUROOT>
[Vue warn]: Failed to resolve component: el-form-item
If this is a native custom element, make sure to exclude it from component resolution via compilerOptions.isCustomElement. 
  at <SchoolDetail ref="VTU_COMPONENT" > 
  at <VTUROOT>
[Vue warn]: Failed to resolve component: el-form
If this is a native custom element, make sure to exclude it from component resolution via compilerOptions.isCustomElement. 
  at <SchoolDetail ref="VTU_COMPONENT" > 
  at <VTUROOT>
[Vue warn]: Failed to resolve component: el-progress
If this is a native custom element, make sure to exclude it from component resolution via compilerOptions.isCustomElement. 
  at <SchoolDetail ref="VTU_COMPONENT" > 
  at <VTUROOT>
[Vue warn]: Failed to resolve component: el-row
If this is a native custom element, make sure to exclude it from component resolution via compilerOptions.isCustomElement. 
  at <SchoolDetail ref="VTU_COMPONENT" > 
  at <VTUROOT>
[Vue warn]: Failed to resolve component: el-skeleton
If this is a native custom element, make sure to exclude it from component resolution via compilerOptions.isCustomElement. 
  at <SchoolDetail ref="VTU_COMPONENT" > 
  at <VTUROOT>
[Vue warn]: Failed to resolve component: el-tag
If this is a native custom element, make sure to exclude it from component resolution via compilerOptions.isCustomElement. 
  at <SchoolDetail ref="VTU_COMPONENT" > 
  at <VTUROOT>
[Vue warn]: Failed to resolve component: el-icon
If this is a native custom element, make sure to exclude it from component resolution via compilerOptions.isCustomElement. 
  at <SchoolDetail ref="VTU_COMPONENT" > 
  at <VTUROOT>
[Vue warn]: Failed to resolve component: el-button
If this is a native custom element, make sure to exclude it from component resolution via compilerOptions.isCustomElement. 
  at <SchoolDetail ref="VTU_COMPONENT" > 
  at <VTUROOT>
[Vue warn]: Failed to resolve component: el-empty
If this is a native custom element, make sure to exclude it from component resolution via compilerOptions.isCustomElement. 
  at <SchoolDetail ref="VTU_COMPONENT" > 
  at <VTUROOT>
[Vue warn]: Failed to resolve component: el-table-column
If this is a native custom element, make sure to exclude it from component resolution via compilerOptions.isCustomElement. 
  at <SchoolDetail ref="VTU_COMPONENT" > 
  at <VTUROOT>
[Vue warn]: Failed to resolve component: el-table
If this is a native custom element, make sure to exclude it from component resolution via compilerOptions.isCustomElement. 
  at <SchoolDetail ref="VTU_COMPONENT" > 
  at <VTUROOT>
[Vue warn]: Failed to resolve component: el-col
If this is a native custom element, make sure to exclude it from component resolution via compilerOptions.isCustomElement. 
  at <SchoolDetail ref="VTU_COMPONENT" > 
  at <VTUROOT>
[Vue warn]: Failed to resolve component: el-input-number
If this is a native custom element, make sure to exclude it from component resolution via compilerOptions.isCustomElement. 
  at <SchoolDetail ref="VTU_COMPONENT" > 
  at <VTUROOT>
[Vue warn]: Failed to resolve component: el-form-item
If this is a native custom element, make sure to exclude it from component resolution via compilerOptions.isCustomElement. 
  at <SchoolDetail ref="VTU_COMPONENT" > 
  at <VTUROOT>
[Vue warn]: Failed to resolve component: el-form
If this is a native custom element, make sure to exclude it from component resolution via compilerOptions.isCustomElement. 
  at <SchoolDetail ref="VTU_COMPONENT" > 
  at <VTUROOT>
[Vue warn]: Failed to resolve component: el-progress
If this is a native custom element, make sure to exclude it from component resolution via compilerOptions.isCustomElement. 
  at <SchoolDetail ref="VTU_COMPONENT" > 
  at <VTUROOT>
[Vue warn]: Failed to resolve component: el-row
If this is a native custom element, make sure to exclude it from component resolution via compilerOptions.isCustomElement. 
  at <SchoolDetail ref="VTU_COMPONENT" > 
  at <VTUROOT>
鑾峰彇瀛︽牎璇︽儏澶辫触: TypeError: Cannot read properties of undefined (reading 'success')
    at fetchSchoolDetail [90m(D:\aiphxt-app\frontend\[39msrc\views\SchoolDetail.vue:496:20[90m)[39m
[Vue warn]: Failed to resolve component: el-skeleton
If this is a native custom element, make sure to exclude it from component resolution via compilerOptions.isCustomElement. 
  at <SchoolDetail ref="VTU_COMPONENT" > 
  at <VTUROOT>
[Vue warn]: Failed to resolve component: el-tag
If this is a native custom element, make sure to exclude it from component resolution via compilerOptions.isCustomElement. 
  at <SchoolDetail ref="VTU_COMPONENT" > 
  at <VTUROOT>
[Vue warn]: Failed to resolve component: el-icon
If this is a native custom element, make sure to exclude it from component resolution via compilerOptions.isCustomElement. 
  at <SchoolDetail ref="VTU_COMPONENT" > 
  at <VTUROOT>
[Vue warn]: Failed to resolve component: el-button
If this is a native custom element, make sure to exclude it from component resolution via compilerOptions.isCustomElement. 
  at <SchoolDetail ref="VTU_COMPONENT" > 
  at <VTUROOT>
[Vue warn]: Failed to resolve component: el-empty
If this is a native custom element, make sure to exclude it from component resolution via compilerOptions.isCustomElement. 
  at <SchoolDetail ref="VTU_COMPONENT" > 
  at <VTUROOT>
[Vue warn]: Failed to resolve component: el-table-column
If this is a native custom element, make sure to exclude it from component resolution via compilerOptions.isCustomElement. 
  at <SchoolDetail ref="VTU_COMPONENT" > 
  at <VTUROOT>
[Vue warn]: Failed to resolve component: el-table
If this is a native custom element, make sure to exclude it from component resolution via compilerOptions.isCustomElement. 
  at <SchoolDetail ref="VTU_COMPONENT" > 
  at <VTUROOT>
[Vue warn]: Failed to resolve component: el-col
If this is a native custom element, make sure to exclude it from component resolution via compilerOptions.isCustomElement. 
  at <SchoolDetail ref="VTU_COMPONENT" > 
  at <VTUROOT>
[Vue warn]: Failed to resolve component: el-input-number
If this is a native custom element, make sure to exclude it from component resolution via compilerOptions.isCustomElement. 
  at <SchoolDetail ref="VTU_COMPONENT" > 
  at <VTUROOT>
[Vue warn]: Failed to resolve component: el-form-item
If this is a native custom element, make sure to exclude it from component resolution via compilerOptions.isCustomElement. 
  at <SchoolDetail ref="VTU_COMPONENT" > 
  at <VTUROOT>
[Vue warn]: Failed to resolve component: el-form
If this is a native custom element, make sure to exclude it from component resolution via compilerOptions.isCustomElement. 
  at <SchoolDetail ref="VTU_COMPONENT" > 
  at <VTUROOT>
[Vue warn]: Failed to resolve component: el-progress
If this is a native custom element, make sure to exclude it from component resolution via compilerOptions.isCustomElement. 
  at <SchoolDetail ref="VTU_COMPONENT" > 
  at <VTUROOT>
[Vue warn]: Failed to resolve component: el-row
If this is a native custom element, make sure to exclude it from component resolution via compilerOptions.isCustomElement. 
  at <SchoolDetail ref="VTU_COMPONENT" > 
  at <VTUROOT>

stderr | tests/unit/components/SchoolDetail.spec.ts > SchoolDetail.vue > should display school name when loaded
[Vue warn]: Failed to resolve component: el-skeleton
If this is a native custom element, make sure to exclude it from component resolution via compilerOptions.isCustomElement. 
  at <SchoolDetail ref="VTU_COMPONENT" > 
  at <VTUROOT>
[Vue warn]: Failed to resolve component: el-tag
If this is a native custom element, make sure to exclude it from component resolution via compilerOptions.isCustomElement. 
  at <SchoolDetail ref="VTU_COMPONENT" > 
  at <VTUROOT>
[Vue warn]: Failed to resolve component: el-icon
If this is a native custom element, make sure to exclude it from component resolution via compilerOptions.isCustomElement. 
  at <SchoolDetail ref="VTU_COMPONENT" > 
  at <VTUROOT>
[Vue warn]: Failed to resolve component: el-button
If this is a native custom element, make sure to exclude it from component resolution via compilerOptions.isCustomElement. 
  at <SchoolDetail ref="VTU_COMPONENT" > 
  at <VTUROOT>
[Vue warn]: Failed to resolve component: el-empty
If this is a native custom element, make sure to exclude it from component resolution via compilerOptions.isCustomElement. 
  at <SchoolDetail ref="VTU_COMPONENT" > 
  at <VTUROOT>
[Vue warn]: Failed to resolve component: el-table-column
If this is a native custom element, make sure to exclude it from component resolution via compilerOptions.isCustomElement. 
  at <SchoolDetail ref="VTU_COMPONENT" > 
  at <VTUROOT>
[Vue warn]: Failed to resolve component: el-table
If this is a native custom element, make sure to exclude it from component resolution via compilerOptions.isCustomElement. 
  at <SchoolDetail ref="VTU_COMPONENT" > 
  at <VTUROOT>
[Vue warn]: Failed to resolve component: el-col
If this is a native custom element, make sure to exclude it from component resolution via compilerOptions.isCustomElement. 
  at <SchoolDetail ref="VTU_COMPONENT" > 
  at <VTUROOT>
[Vue warn]: Failed to resolve component: el-input-number
If this is a native custom element, make sure to exclude it from component resolution via compilerOptions.isCustomElement. 
  at <SchoolDetail ref="VTU_COMPONENT" > 
  at <VTUROOT>
[Vue warn]: Failed to resolve component: el-form-item
If this is a native custom element, make sure to exclude it from component resolution via compilerOptions.isCustomElement. 
  at <SchoolDetail ref="VTU_COMPONENT" > 
  at <VTUROOT>
[Vue warn]: Failed to resolve component: el-form
If this is a native custom element, make sure to exclude it from component resolution via compilerOptions.isCustomElement. 
  at <SchoolDetail ref="VTU_COMPONENT" > 
  at <VTUROOT>
[Vue warn]: Failed to resolve component: el-progress
If this is a native custom element, make sure to exclude it from component resolution via compilerOptions.isCustomElement. 
  at <SchoolDetail ref="VTU_COMPONENT" > 
  at <VTUROOT>
[Vue warn]: Failed to resolve component: el-row
If this is a native custom element, make sure to exclude it from component resolution via compilerOptions.isCustomElement. 
  at <SchoolDetail ref="VTU_COMPONENT" > 
  at <VTUROOT>
[Vue warn]: Failed to resolve component: el-skeleton
If this is a native custom element, make sure to exclude it from component resolution via compilerOptions.isCustomElement. 
  at <SchoolDetail ref="VTU_COMPONENT" > 
  at <VTUROOT>
[Vue warn]: Failed to resolve component: el-tag
If this is a native custom element, make sure to exclude it from component resolution via compilerOptions.isCustomElement. 
  at <SchoolDetail ref="VTU_COMPONENT" > 
  at <VTUROOT>
[Vue warn]: Failed to resolve component: el-icon
If this is a native custom element, make sure to exclude it from component resolution via compilerOptions.isCustomElement. 
  at <SchoolDetail ref="VTU_COMPONENT" > 
  at <VTUROOT>
[Vue warn]: Failed to resolve component: el-button
If this is a native custom element, make sure to exclude it from component resolution via compilerOptions.isCustomElement. 
  at <SchoolDetail ref="VTU_COMPONENT" > 
  at <VTUROOT>
[Vue warn]: Failed to resolve component: el-empty
If this is a native custom element, make sure to exclude it from component resolution via compilerOptions.isCustomElement. 
  at <SchoolDetail ref="VTU_COMPONENT" > 
  at <VTUROOT>
[Vue warn]: Failed to resolve component: el-table-column
If this is a native custom element, make sure to exclude it from component resolution via compilerOptions.isCustomElement. 
  at <SchoolDetail ref="VTU_COMPONENT" > 
  at <VTUROOT>
[Vue warn]: Failed to resolve component: el-table
If this is a native custom element, make sure to exclude it from component resolution via compilerOptions.isCustomElement. 
  at <SchoolDetail ref="VTU_COMPONENT" > 
  at <VTUROOT>
[Vue warn]: Failed to resolve component: el-col
If this is a native custom element, make sure to exclude it from component resolution via compilerOptions.isCustomElement. 
  at <SchoolDetail ref="VTU_COMPONENT" > 
  at <VTUROOT>
[Vue warn]: Failed to resolve component: el-input-number
If this is a native custom element, make sure to exclude it from component resolution via compilerOptions.isCustomElement. 
  at <SchoolDetail ref="VTU_COMPONENT" > 
  at <VTUROOT>
[Vue warn]: Failed to resolve component: el-form-item
If this is a native custom element, make sure to exclude it from component resolution via compilerOptions.isCustomElement. 
  at <SchoolDetail ref="VTU_COMPONENT" > 
  at <VTUROOT>
[Vue warn]: Failed to resolve component: el-form
If this is a native custom element, make sure to exclude it from component resolution via compilerOptions.isCustomElement. 
  at <SchoolDetail ref="VTU_COMPONENT" > 
  at <VTUROOT>
[Vue warn]: Failed to resolve component: el-progress
If this is a native custom element, make sure to exclude it from component resolution via compilerOptions.isCustomElement. 
  at <SchoolDetail ref="VTU_COMPONENT" > 
  at <VTUROOT>
[Vue warn]: Failed to resolve component: el-row
If this is a native custom element, make sure to exclude it from component resolution via compilerOptions.isCustomElement. 
  at <SchoolDetail ref="VTU_COMPONENT" > 
  at <VTUROOT>
鑾峰彇瀛︽牎璇︽儏澶辫触: TypeError: Cannot read properties of undefined (reading 'success')
    at fetchSchoolDetail [90m(D:\aiphxt-app\frontend\[39msrc\views\SchoolDetail.vue:496:20[90m)[39m
[Vue warn]: Failed to resolve component: el-skeleton
If this is a native custom element, make sure to exclude it from component resolution via compilerOptions.isCustomElement. 
  at <SchoolDetail ref="VTU_COMPONENT" > 
  at <VTUROOT>
[Vue warn]: Failed to resolve component: el-tag
If this is a native custom element, make sure to exclude it from component resolution via compilerOptions.isCustomElement. 
  at <SchoolDetail ref="VTU_COMPONENT" > 
  at <VTUROOT>
[Vue warn]: Failed to resolve component: el-icon
If this is a native custom element, make sure to exclude it from component resolution via compilerOptions.isCustomElement. 
  at <SchoolDetail ref="VTU_COMPONENT" > 
  at <VTUROOT>
[Vue warn]: Failed to resolve component: el-button
If this is a native custom element, make sure to exclude it from component resolution via compilerOptions.isCustomElement. 
  at <SchoolDetail ref="VTU_COMPONENT" > 
  at <VTUROOT>
[Vue warn]: Failed to resolve component: el-empty
If this is a native custom element, make sure to exclude it from component resolution via compilerOptions.isCustomElement. 
  at <SchoolDetail ref="VTU_COMPONENT" > 
  at <VTUROOT>
[Vue warn]: Failed to resolve component: el-table-column
If this is a native custom element, make sure to exclude it from component resolution via compilerOptions.isCustomElement. 
  at <SchoolDetail ref="VTU_COMPONENT" > 
  at <VTUROOT>
[Vue warn]: Failed to resolve component: el-table
If this is a native custom element, make sure to exclude it from component resolution via compilerOptions.isCustomElement. 
  at <SchoolDetail ref="VTU_COMPONENT" > 
  at <VTUROOT>
[Vue warn]: Failed to resolve component: el-col
If this is a native custom element, make sure to exclude it from component resolution via compilerOptions.isCustomElement. 
  at <SchoolDetail ref="VTU_COMPONENT" > 
  at <VTUROOT>
[Vue warn]: Failed to resolve component: el-input-number
If this is a native custom element, make sure to exclude it from component resolution via compilerOptions.isCustomElement. 
  at <SchoolDetail ref="VTU_COMPONENT" > 
  at <VTUROOT>
[Vue warn]: Failed to resolve component: el-form-item
If this is a native custom element, make sure to exclude it from component resolution via compilerOptions.isCustomElement. 
  at <SchoolDetail ref="VTU_COMPONENT" > 
  at <VTUROOT>
[Vue warn]: Failed to resolve component: el-form
If this is a native custom element, make sure to exclude it from component resolution via compilerOptions.isCustomElement. 
  at <SchoolDetail ref="VTU_COMPONENT" > 
  at <VTUROOT>
[Vue warn]: Failed to resolve component: el-progress
If this is a native custom element, make sure to exclude it from component resolution via compilerOptions.isCustomElement. 
  at <SchoolDetail ref="VTU_COMPONENT" > 
  at <VTUROOT>
[Vue warn]: Failed to resolve component: el-row
If this is a native custom element, make sure to exclude it from component resolution via compilerOptions.isCustomElement. 
  at <SchoolDetail ref="VTU_COMPONENT" > 
  at <VTUROOT>

stderr | tests/unit/components/AiSelection.spec.ts > AiSelection.vue > should render the component
[Vue warn]: Failed to resolve component: el-icon
If this is a native custom element, make sure to exclude it from component resolution via compilerOptions.isCustomElement. 
  at <AiSelection ref="VTU_COMPONENT" > 
  at <VTUROOT>
[Vue warn]: Failed to resolve component: el-input-number
If this is a native custom element, make sure to exclude it from component resolution via compilerOptions.isCustomElement. 
  at <AiSelection ref="VTU_COMPONENT" > 
  at <VTUROOT>
[Vue warn]: Failed to resolve component: el-form-item
If this is a native custom element, make sure to exclude it from component resolution via compilerOptions.isCustomElement. 
  at <AiSelection ref="VTU_COMPONENT" > 
  at <VTUROOT>
[Vue warn]: Failed to resolve component: el-col
If this is a native custom element, make sure to exclude it from component resolution via compilerOptions.isCustomElement. 
  at <AiSelection ref="VTU_COMPONENT" > 
  at <VTUROOT>
[Vue warn]: Failed to resolve component: el-option
If this is a native custom element, make sure to exclude it from component resolution via compilerOptions.isCustomElement. 
  at <AiSelection ref="VTU_COMPONENT" > 
  at <VTUROOT>
[Vue warn]: Failed to resolve component: el-select
If this is a native custom element, make sure to exclude it from component resolution via compilerOptions.isCustomElement. 
  at <AiSelection ref="VTU_COMPONENT" > 
  at <VTUROOT>
[Vue warn]: Failed to resolve component: el-row
If this is a native custom element, make sure to exclude it from component resolution via compilerOptions.isCustomElement. 
  at <AiSelection ref="VTU_COMPONENT" > 
  at <VTUROOT>
[Vue warn]: Failed to resolve component: el-input
If this is a native custom element, make sure to exclude it from component resolution via compilerOptions.isCustomElement. 
  at <AiSelection ref="VTU_COMPONENT" > 
  at <VTUROOT>
[Vue warn]: Failed to resolve component: el-radio
If this is a native custom element, make sure to exclude it from component resolution via compilerOptions.isCustomElement. 
  at <AiSelection ref="VTU_COMPONENT" > 
  at <VTUROOT>
[Vue warn]: Failed to resolve component: el-radio-group
If this is a native custom element, make sure to exclude it from component resolution via compilerOptions.isCustomElement. 
  at <AiSelection ref="VTU_COMPONENT" > 
  at <VTUROOT>
[Vue warn]: Failed to resolve component: el-button
If this is a native custom element, make sure to exclude it from component resolution via compilerOptions.isCustomElement. 
  at <AiSelection ref="VTU_COMPONENT" > 
  at <VTUROOT>
[Vue warn]: Failed to resolve component: el-form
If this is a native custom element, make sure to exclude it from component resolution via compilerOptions.isCustomElement. 
  at <AiSelection ref="VTU_COMPONENT" > 
  at <VTUROOT>
[Vue warn]: Failed to resolve component: el-table-column
If this is a native custom element, make sure to exclude it from component resolution via compilerOptions.isCustomElement. 
  at <AiSelection ref="VTU_COMPONENT" > 
  at <VTUROOT>
[Vue warn]: Failed to resolve component: el-tag
If this is a native custom element, make sure to exclude it from component resolution via compilerOptions.isCustomElement. 
  at <AiSelection ref="VTU_COMPONENT" > 
  at <VTUROOT>
[Vue warn]: Failed to resolve component: el-progress
If this is a native custom element, make sure to exclude it from component resolution via compilerOptions.isCustomElement. 
  at <AiSelection ref="VTU_COMPONENT" > 
  at <VTUROOT>
[Vue warn]: Failed to resolve component: el-table
If this is a native custom element, make sure to exclude it from component resolution via compilerOptions.isCustomElement. 
  at <AiSelection ref="VTU_COMPONENT" > 
  at <VTUROOT>
[Vue warn]: Failed to resolve component: el-timeline-item
If this is a native custom element, make sure to exclude it from component resolution via compilerOptions.isCustomElement. 
  at <AiSelection ref="VTU_COMPONENT" > 
  at <VTUROOT>
[Vue warn]: Failed to resolve component: el-timeline
If this is a native custom element, make sure to exclude it from component resolution via compilerOptions.isCustomElement. 
  at <AiSelection ref="VTU_COMPONENT" > 
  at <VTUROOT>
[Vue warn]: Failed to resolve component: Code
If this is a native custom element, make sure to exclude it from component resolution via compilerOptions.isCustomElement. 
  at <AiSelection ref="VTU_COMPONENT" > 
  at <VTUROOT>
[Vue warn]: Failed to resolve component: el-collapse-item
If this is a native custom element, make sure to exclude it from component resolution via compilerOptions.isCustomElement. 
  at <AiSelection ref="VTU_COMPONENT" > 
  at <VTUROOT>
[Vue warn]: Failed to resolve component: el-collapse
If this is a native custom element, make sure to exclude it from component resolution via compilerOptions.isCustomElement. 
  at <AiSelection ref="VTU_COMPONENT" > 
  at <VTUROOT>
[Vue warn]: Failed to resolve directive: loading 
  at <AiSelection ref="VTU_COMPONENT" > 
  at <VTUROOT>

stderr | tests/unit/components/AiSelection.spec.ts > AiSelection.vue > should have form fields for AI selection
[Vue warn]: Failed to resolve component: el-icon
If this is a native custom element, make sure to exclude it from component resolution via compilerOptions.isCustomElement. 
  at <AiSelection ref="VTU_COMPONENT" > 
  at <VTUROOT>
[Vue warn]: Failed to resolve component: el-input-number
If this is a native custom element, make sure to exclude it from component resolution via compilerOptions.isCustomElement. 
  at <AiSelection ref="VTU_COMPONENT" > 
  at <VTUROOT>
[Vue warn]: Failed to resolve component: el-form-item
If this is a native custom element, make sure to exclude it from component resolution via compilerOptions.isCustomElement. 
  at <AiSelection ref="VTU_COMPONENT" > 
  at <VTUROOT>
[Vue warn]: Failed to resolve component: el-col
If this is a native custom element, make sure to exclude it from component resolution via compilerOptions.isCustomElement. 
  at <AiSelection ref="VTU_COMPONENT" > 
  at <VTUROOT>
[Vue warn]: Failed to resolve component: el-option
If this is a native custom element, make sure to exclude it from component resolution via compilerOptions.isCustomElement. 
  at <AiSelection ref="VTU_COMPONENT" > 
  at <VTUROOT>
[Vue warn]: Failed to resolve component: el-select
If this is a native custom element, make sure to exclude it from component resolution via compilerOptions.isCustomElement. 
  at <AiSelection ref="VTU_COMPONENT" > 
  at <VTUROOT>
[Vue warn]: Failed to resolve component: el-row
If this is a native custom element, make sure to exclude it from component resolution via compilerOptions.isCustomElement. 
  at <AiSelection ref="VTU_COMPONENT" > 
  at <VTUROOT>
[Vue warn]: Failed to resolve component: el-input
 鉁?tests/unit/components/AiSelection.spec.ts > AiSelection.vue > should render the component
 鉁?tests/unit/components/AiSelection.spec.ts > AiSelection.vue > should have form fields for AI selection
If this is a native custom element, make sure to exclude it from component resolution via compilerOptions.isCustomElement. 
  at <AiSelection ref="VTU_COMPONENT" > 
  at <VTUROOT>
[Vue warn]: Failed to resolve component: el-radio
If this is a native custom element, make sure to exclude it from component resolution via compilerOptions.isCustomElement. 
  at <AiSelection ref="VTU_COMPONENT" > 
  at <VTUROOT>
[Vue warn]: Failed to resolve component: el-radio-group
If this is a native custom element, make sure to exclude it from component resolution via compilerOptions.isCustomElement. 
  at <AiSelection ref="VTU_COMPONENT" > 
  at <VTUROOT>
[Vue warn]: Failed to resolve component: el-button
If this is a native custom element, make sure to exclude it from component resolution via compilerOptions.isCustomElement. 
  at <AiSelection ref="VTU_COMPONENT" > 
  at <VTUROOT>
[Vue warn]: Failed to resolve component: el-form
If this is a native custom element, make sure to exclude it from component resolution via compilerOptions.isCustomElement. 
  at <AiSelection ref="VTU_COMPONENT" > 
  at <VTUROOT>
[Vue warn]: Failed to resolve component: el-table-column
If this is a native custom element, make sure to exclude it from component resolution via compilerOptions.isCustomElement. 
  at <AiSelection ref="VTU_COMPONENT" > 
  at <VTUROOT>
[Vue warn]: Failed to resolve component: el-tag
If this is a native custom element, make sure to exclude it from component resolution via compilerOptions.isCustomElement. 
  at <AiSelection ref="VTU_COMPONENT" > 
  at <VTUROOT>
[Vue warn]: Failed to resolve component: el-progress
If this is a native custom element, make sure to exclude it from component resolution via compilerOptions.isCustomElement. 
  at <AiSelection ref="VTU_COMPONENT" > 
  at <VTUROOT>
[Vue warn]: Failed to resolve component: el-table
If this is a native custom element, make sure to exclude it from component resolution via compilerOptions.isCustomElement. 
  at <AiSelection ref="VTU_COMPONENT" > 
  at <VTUROOT>
[Vue warn]: Failed to resolve component: el-timeline-item
If this is a native custom element, make sure to exclude it from component resolution via compilerOptions.isCustomElement. 
  at <AiSelection ref="VTU_COMPONENT" > 
  at <VTUROOT>
[Vue warn]: Failed to resolve component: el-timeline
If this is a native custom element, make sure to exclude it from component resolution via compilerOptions.isCustomElement. 
  at <AiSelection ref="VTU_COMPONENT" > 
  at <VTUROOT>
[Vue warn]: Failed to resolve component: Code
If this is a native custom element, make sure to exclude it from component resolution via compilerOptions.isCustomElement. 
  at <AiSelection ref="VTU_COMPONENT" > 
  at <VTUROOT>
[Vue warn]: Failed to resolve component: el-collapse-item
If this is a native custom element, make sure to exclude it from component resolution via compilerOptions.isCustomElement. 
  at <AiSelection ref="VTU_COMPONENT" > 
  at <VTUROOT>
[Vue warn]: Failed to resolve component: el-collapse
If this is a native custom element, make sure to exclude it from component resolution via compilerOptions.isCustomElement. 
  at <AiSelection ref="VTU_COMPONENT" > 
  at <VTUROOT>
[Vue warn]: Failed to resolve directive: loading 
  at <AiSelection ref="VTU_COMPONENT" > 
  at <VTUROOT>


 Test Files  2 passed (2)
      Tests  4 passed (4)
   Start at  20:13:29
   Duration  3.51s (transform 435ms, setup 0ms, collect 4.31s, tests 95ms, environment 1.39s, prepare 674ms)

